BL51 BANKED LINKER/LOCATER V6.22.2.0                                                    09/21/2022  22:21:50  PAGE 1


BL51 BANKED LINKER/LOCATER V6.22.2.0, INVOKED BY:
D:\KEIL-V5\C51\BIN\BL51.EXE .\Objects\main.obj TO .\Objects\project PRINT (.\Listings\project.m51) RAMSIZE (256)


MEMORY MODEL: SMALL


INPUT MODULES INCLUDED:
  .\Objects\main.obj (MAIN)
  D:\KEIL-V5\C51\LIB\C51S.LIB (?C_STARTUP)


LINK MAP OF MODULE:  .\Objects\project (MAIN)


            TYPE    BASE      LENGTH    RELOCATION   SEGMENT NAME
            -----------------------------------------------------

            * * * * * * *   D A T A   M E M O R Y   * * * * * * *
            REG     0000H     0008H     ABSOLUTE     "REG BANK 0"
            IDATA   0008H     0001H     UNIT         ?STACK

            * * * * * * *   C O D E   M E M O R Y   * * * * * * *
            CODE    0000H     0003H     ABSOLUTE     
            CODE    0003H     0028H     UNIT         ?PR?MAIN?MAIN
            CODE    002BH     0015H     UNIT         ?PR?_DELAY1MS?MAIN
            CODE    0040H     000CH     UNIT         ?C_C51STARTUP



OVERLAY MAP OF MODULE:   .\Objects\project (MAIN)


SEGMENT
  +--> CALLED SEGMENT
---------------------
?C_C51STARTUP
  +--> ?PR?MAIN?MAIN

?PR?MAIN?MAIN
  +--> ?PR?_DELAY1MS?MAIN



SYMBOL TABLE OF MODULE:  .\Objects\project (MAIN)

  VALUE           TYPE          NAME
  ----------------------------------

  -------         MODULE        MAIN
  C:0000H         SYMBOL        _ICE_DUMMY_
  D:0090H         PUBLIC        P1
  C:002BH         PUBLIC        _Delay1ms
  C:0003H         PUBLIC        main
  -------         PROC          _DELAY1MS
  D:0006H         SYMBOL        xms
  -------         DO            
  D:0005H         SYMBOL        i
BL51 BANKED LINKER/LOCATER V6.22.2.0                                                  09/21/2022  22:21:50  PAGE 2


  D:0004H         SYMBOL        j
  -------         ENDDO         
  C:002BH         LINE#         3
  C:002BH         LINE#         4
  C:002BH         LINE#         7
  C:0035H         LINE#         8
  C:0035H         LINE#         9
  C:0037H         LINE#         10
  C:0039H         LINE#         12
  C:0039H         LINE#         13
  C:003BH         LINE#         14
  C:003DH         LINE#         15
  C:003FH         LINE#         17
  -------         ENDPROC       _DELAY1MS
  -------         PROC          MAIN
  -------         DO            
  D:0002H         SYMBOL        count
  -------         ENDDO         
  C:0003H         LINE#         22
  C:0003H         LINE#         23
  C:0006H         LINE#         24
  C:0006H         LINE#         25
  C:0006H         LINE#         26
  C:0015H         LINE#         27
  C:001AH         LINE#         28
  C:0021H         LINE#         29
  C:0027H         LINE#         30
  C:0029H         LINE#         31
  C:0029H         LINE#         36
  -------         ENDPROC       MAIN
  -------         ENDMOD        MAIN

Program Size: data=9.0 xdata=0 code=76
LINK/LOCATE RUN COMPLETE.  0 WARNING(S),  0 ERROR(S)
